{"time":"2026-09-22 00:13:35","to":"alexaangela.gabriel@clsu2.edu.ph","subject":"Complaint Submitted","delivered":true}
{"time":"2026-09-22 00:13:39","to":"admin@sicms.local","subject":"New Complaint Submitted","delivered":true}
{"time":"2026-09-22 00:13:42","to":"ricardo.santos@sicms.local","subject":"New Complaint Submitted","delivered":true}
{"time":"2026-09-22 00:13:45","to":"maria.cruz@sicms.local","subject":"New Complaint Submitted","delivered":true}
{"time":"2026-09-22 00:13:49","to":"juan.delapena@sicms.local","subject":"New Complaint Submitted","delivered":true}
{"time":"2026-09-22 00:13:52","to":"ana.bautista@sicms.local","subject":"New Complaint Submitted","delivered":true}
{"time":"2026-09-22 00:13:55","to":"pedro.reyes@sicms.local","subject":"New Complaint Submitted","delivered":true}
{"time":"2026-09-22 00:13:59","to":"carmen.garcia@sicms.local","subject":"New Complaint Submitted","delivered":true}
{"time":"2026-09-22 00:14:02","to":"pedro1.reyes@sicms.local","subject":"New Complaint Submitted","delivered":true}
{"time":"2026-09-22 00:23:25","to":"alexaangela.gabriel@clsu2.edu.ph","subject":"Complaint Submitted","delivered":true}
{"time":"2026-09-22 00:23:29","to":"admin@sicms.local","subject":"New Complaint Submitted","delivered":true}
{"time":"2026-09-22 00:23:32","to":"ricardo.santos@sicms.local","subject":"New Complaint Submitted","delivered":true}
{"time":"2026-09-22 00:23:35","to":"maria.cruz@sicms.local","subject":"New Complaint Submitted","delivered":true}
{"time":"2026-09-22 00:23:39","to":"juan.delapena@sicms.local","subject":"New Complaint Submitted","delivered":true}
{"time":"2026-09-22 00:23:42","to":"ana.bautista@sicms.local","subject":"New Complaint Submitted","delivered":true}
{"time":"2026-09-22 00:23:46","to":"pedro.reyes@sicms.local","subject":"New Complaint Submitted","delivered":true}
{"time":"2026-09-22 00:23:49","to":"carmen.garcia@sicms.local","subject":"New Complaint Submitted","delivered":true}
{"time":"2026-09-22 00:23:52","to":"pedro1.reyes@sicms.local","subject":"New Complaint Submitted","delivered":true}
{"time":"2026-09-22 00:25:30","to":"maria.cruz@sicms.local","subject":"Case Assigned","delivered":true}
{"time":"2026-09-22 00:26:31","to":"ricardo.santos@sicms.local","subject":"Case Action Approval Needed","delivered":true}
{"time":"2026-09-22 04:08:23","to":"maria.santos@clsu2.edu.ph","subject":"Complaint Submitted","delivered":true}
{"time":"2026-09-22 04:08:28","to":"admin@sicms.local","subject":"New Complaint Submitted","delivered":true}
{"time":"2026-09-22 04:08:33","to":"ricardo.santos@sicms.local","subject":"New Complaint Submitted","delivered":true}
{"time":"2026-09-22 04:08:39","to":"maria.cruz@sicms.local","subject":"New Complaint Submitted","delivered":true}
{"time":"2026-09-22 04:08:44","to":"juan.delapena@sicms.local","subject":"New Complaint Submitted","delivered":true}
{"time":"2026-09-22 04:08:49","to":"ana.bautista@sicms.local","subject":"New Complaint Submitted","delivered":true}
{"time":"2026-09-22 04:08:53","to":"pedro.reyes@sicms.local","subject":"New Complaint Submitted","delivered":true}
{"time":"2026-09-22 04:08:56","to":"carmen.garcia@sicms.local","subject":"New Complaint Submitted","delivered":true}
{"time":"2026-09-22 04:09:00","to":"pedro1.reyes@sicms.local","subject":"New Complaint Submitted","delivered":true}
{"time":"2026-09-22 04:12:58","to":"ana.bautista@sicms.local","subject":"Case Assigned","delivered":true}
{"time":"2026-09-22 04:16:32","to":"ricardo.santos@sicms.local","subject":"Case Action Approval Needed","delivered":true}
{"time":"2026-09-22 06:35:23","to":"ricardo.santos@sicms.local","subject":"Case Forwarded to Respondent","delivered":true}
{"time":"2026-09-22 06:35:28","to":"respondent-flow-714e0f580a@sicms.local","subject":"Case Forwarded to You","delivered":true}
{"time":"2026-09-22 06:35:32","to":"ricardo.santos@sicms.local","subject":"Case Forwarded to Respondent","delivered":true}
{"time":"2026-09-22 06:35:36","to":"respondent-flow-714e0f580a@sicms.local","subject":"Case Forwarded to You","delivered":true}
{"time":"2026-09-22 06:35:51","to":"ricardo.santos@sicms.local","subject":"Case Forwarded to Respondent","delivered":true}
{"time":"2026-09-22 06:35:55","to":"respondent-flow-060a33e636@sicms.local","subject":"Case Forwarded to You","delivered":true}
{"time":"2026-09-22 06:36:01","to":"ricardo.santos@sicms.local","subject":"Case Forwarded to Respondent","delivered":true}
{"time":"2026-09-22 06:36:05","to":"respondent-flow-060a33e636@sicms.local","subject":"Case Forwarded to You","delivered":true}
{"time":"2026-09-22 06:36:21","to":"ricardo.santos@sicms.local","subject":"Case Forwarded to Respondent","delivered":true}
{"time":"2026-09-22 06:36:25","to":"respondent-flow-287887f390@sicms.local","subject":"Case Forwarded to You","delivered":true}
{"time":"2026-09-22 06:36:30","to":"ricardo.santos@sicms.local","subject":"Case Forwarded to Respondent","delivered":true}
{"time":"2026-09-22 06:36:33","to":"respondent-flow-287887f390@sicms.local","subject":"Case Forwarded to You","delivered":true}
{"time":"2026-09-22 07:41:48","to":"kassandrasophia.fernandez@clsu2.edu.ph","subject":"Activate Your SICMS Respondent Account","delivered":true}
{"time":"2026-09-22 08:31:04","to":"ricardo.santos@sicms.local","subject":"Case Forwarded to Respondent","delivered":true}
{"time":"2026-09-22 08:31:08","to":"kassandrasophia.fernandez@clsu2.edu.ph","subject":"Case Forwarded to You","delivered":true}
{"time":"2026-09-22 08:33:55","to":"ricardo.santos@sicms.local","subject":"Counter-Statement Submitted","delivered":true}
{"time":"2026-09-22 08:33:59","to":"maria.cruz@sicms.local","subject":"Counter-Statement Submitted","delivered":true}
{"time":"2026-09-22 08:34:04","to":"juan.delapena@sicms.local","subject":"Counter-Statement Submitted","delivered":true}
{"time":"2026-09-22 08:34:08","to":"ana.bautista@sicms.local","subject":"Counter-Statement Submitted","delivered":true}
{"time":"2026-09-22 08:34:12","to":"pedro.reyes@sicms.local","subject":"Counter-Statement Submitted","delivered":true}
{"time":"2026-09-22 08:34:17","to":"carmen.garcia@sicms.local","subject":"Counter-Statement Submitted","delivered":true}
{"time":"2026-09-22 08:34:22","to":"pedro1.reyes@sicms.local","subject":"Counter-Statement Submitted","delivered":true}
{"time":"2026-09-22 08:39:32","to":"ricardo.santos@sicms.local","subject":"Case Action Approval Needed","delivered":true}
{"time":"2026-09-22 08:49:42","to":"ricardo.santos@sicms.local","subject":"Case Action Approval Needed","delivered":true}
{"time":"2026-09-22 08:50:07","to":"kassandrasophia.fernandez@clsu2.edu.ph","subject":"Counter-Statement Revision Requested","delivered":true}
{"time":"2026-09-22 08:50:11","to":"kassandrasophia.fernandez@clsu2.edu.ph","subject":"Counter-Statement Returned for Revision","delivered":true}
{"time":"2026-09-22 08:51:30","to":"ricardo.santos@sicms.local","subject":"Counter-Statement Submitted","delivered":true}
{"time":"2026-09-22 08:51:34","to":"maria.cruz@sicms.local","subject":"Counter-Statement Submitted","delivered":true}
{"time":"2026-09-22 08:51:38","to":"juan.delapena@sicms.local","subject":"Counter-Statement Submitted","delivered":true}
{"time":"2026-09-22 08:51:43","to":"ana.bautista@sicms.local","subject":"Counter-Statement Submitted","delivered":true}
{"time":"2026-09-22 08:51:47","to":"pedro.reyes@sicms.local","subject":"Counter-Statement Submitted","delivered":true}
{"time":"2026-09-22 08:51:52","to":"carmen.garcia@sicms.local","subject":"Counter-Statement Submitted","delivered":true}
{"time":"2026-09-22 08:51:57","to":"pedro1.reyes@sicms.local","subject":"Counter-Statement Submitted","delivered":true}
{"time":"2026-09-22 09:21:29","to":"ricardo.santos@sicms.local","subject":"Case Action Approval Needed","delivered":true}
{"time":"2026-09-22 17:22:41","to":"ricardo.santos@sicms.local","subject":"Case Forwarded to Respondent","delivered":true}
{"time":"2026-09-22 17:22:46","to":"kassandrasophia.fernandez@clsu2.edu.ph","subject":"Case Forwarded to You","delivered":true}
{"time":"2026-09-22 18:06:11","to":"ricardo.santos@sicms.local","subject":"Case Forwarded to Respondent","delivered":true}
{"time":"2026-09-22 18:06:16","to":"kassandrasophia.fernandez@clsu2.edu.ph","subject":"Case Forwarded to You","delivered":true}
{"time":"2026-09-22 18:17:31","to":"ricardo.santos@sicms.local","subject":"Case Forwarded to Respondent","delivered":true}
{"time":"2026-09-22 18:17:37","to":"kassandrasophia.fernandez@clsu2.edu.ph","subject":"Case Forwarded to You","delivered":true}
{"time":"2026-09-22 18:17:42","to":"kassandrasophia.fernandez@clsu2.edu.ph","subject":"Case Information Forwarded to You","delivered":true}
{"time":"2026-09-22 20:07:39","to":"ricardo.santos@sicms.local","subject":"Case Forwarded to Respondent","delivered":true}
{"time":"2026-09-22 20:07:43","to":"kassandrasophia.fernandez@clsu2.edu.ph","subject":"Case Forwarded to You","delivered":true}
{"time":"2026-09-22 20:07:48","to":"kassandrasophia.fernandez@clsu2.edu.ph","subject":"Case Information Forwarded to You","delivered":true}
{"time":"2026-09-22 20:23:33","to":"ana.bautista@sicms.local","subject":"Case Assigned","delivered":true}
{"time":"2026-09-22 20:23:46","to":"maria.cruz@sicms.local","subject":"Case Assigned","delivered":true}
{"time":"2026-09-22 20:25:55","to":"alexaangela.gabriel@clsu2.edu.ph","subject":"Case Status Updated","delivered":true}
{"time":"2026-09-22 20:25:58","to":"maria.cruz@sicms.local","subject":"Case Action Approved","delivered":true}
{"time":"2026-09-22 20:49:41","to":"ana.bautista@sicms.local","subject":"Case Assigned","delivered":true}
{"time":"2026-09-22 21:11:12","to":"kwinjherane.ocareza@clsu2.edu.ph","subject":"Linked as Respondent on 2026-013","delivered":true}
{"time":"2026-09-22 22:01:30","to":"ricardo.santos@sicms.local","subject":"Case Forwarded to Respondent","delivered":true}
{"time":"2026-09-22 22:01:34","to":"kwinjherane.ocareza@clsu2.edu.ph","subject":"Case Forwarded to You","delivered":true}
{"time":"2026-09-22 22:01:38","to":"kwinjherane.ocareza@clsu2.edu.ph","subject":"Case Information Forwarded to You","delivered":true}
{"time":"2026-09-22 22:09:41","to":"ricardo.santos@sicms.local","subject":"Case Forwarded to Respondent","delivered":true}
{"time":"2026-09-22 22:09:45","to":"kwinjherane.ocareza@clsu2.edu.ph","subject":"Case Forwarded to You","delivered":true}
{"time":"2026-09-22 22:09:49","to":"kwinjherane.ocareza@clsu2.edu.ph","subject":"Case Information Forwarded to You","delivered":true}
{"time":"2026-09-22 22:11:18","to":"kwinjherane.ocareza@clsu2.edu.ph","subject":"Linked as Respondent on 2026-011","delivered":true}
{"time":"2026-09-22 22:11:41","to":"ricardo.santos@sicms.local","subject":"Case Forwarded to Respondent","delivered":true}
{"time":"2026-09-22 22:11:45","to":"kwinjherane.ocareza@clsu2.edu.ph","subject":"Case Forwarded to You","delivered":true}
{"time":"2026-09-22 22:11:49","to":"kwinjherane.ocareza@clsu2.edu.ph","subject":"Case Information Forwarded to You","delivered":true}
