{"time":"2026-09-20 15:50:25","to":"test.respondent.a@test.local","subject":"Activate Your SICMS Respondent Account (test)","delivered":false}
{"time":"2026-09-20 15:50:34","to":"test.respondent.a@test.local","subject":"Activate Your SICMS Respondent Account (test)","delivered":false}
{"time":"2026-09-20 15:50:55","to":"test.respondent.a@test.local","subject":"Activate Your SICMS Respondent Account (test)","delivered":false}
{"time":"2026-09-20 15:51:27","to":"test.respondent.a@test.local","subject":"Activate Your SICMS Respondent Account (test)","delivered":false}
{"time":"2026-09-20 15:51:54","to":"test.respondent.a@test.local","subject":"Activate Your SICMS Respondent Account (test)","delivered":false}
{"time":"2026-09-20 15:52:09","to":"test.respondent.a@test.local","subject":"Activate Your SICMS Respondent Account (test)","delivered":false}
{"time":"2026-09-20 15:52:33","to":"test.respondent.a@test.local","subject":"Activate Your SICMS Respondent Account (test)","delivered":false}
{"time":"2026-09-20 15:53:14","to":"test.respondent.a@test.local","subject":"Activate Your SICMS Respondent Account (test)","delivered":false}
{"time":"2026-09-20 15:53:52","to":"test.respondent.a@test.local","subject":"Activate Your SICMS Respondent Account (test)","delivered":false}
{"time":"2026-09-20 15:54:23","to":"test.respondent.a@test.local","subject":"test subject","delivered":false}
{"time":"2026-09-20 15:55:10","to":"test.respondent.a@test.local","subject":"Activate Your SICMS Respondent Account (test)","delivered":false}
{"time":"2026-09-20 16:05:00","to":"http-ro-c77a7b@test.local","subject":"Activate Your SICMS Respondent Account","delivered":false}
{"time":"2026-09-20 16:05:03","to":"http-ro-c77a7b@test.local","subject":"Counter-Statement Returned for Revision","delivered":false}
{"time":"2026-09-20 16:05:12","to":"http-ro-831b7c@test.local","subject":"Activate Your SICMS Respondent Account","delivered":false}
{"time":"2026-09-20 16:05:15","to":"http-ro-831b7c@test.local","subject":"Counter-Statement Returned for Revision","delivered":false}
{"time":"2026-09-20 16:05:42","to":"http-ro-4e8d78@test.local","subject":"Activate Your SICMS Respondent Account","delivered":false}
{"time":"2026-09-20 16:05:45","to":"http-ro-4e8d78@test.local","subject":"Counter-Statement Returned for Revision","delivered":false}
{"time":"2026-09-20 16:05:53","to":"test.respondent.a@test.local","subject":"Activate Your SICMS Respondent Account (test)","delivered":false}
{"time":"2026-09-20 18:44:04","to":"flowresp@sicms.local","subject":"Activate Your SICMS Respondent Account","delivered":false}
{"time":"2026-09-20 18:44:37","to":"flowresp@sicms.local","subject":"Activate Your SICMS Respondent Account","delivered":false}
{"time":"2026-09-20 18:45:59","to":"flowresp@sicms.local","subject":"Activate Your SICMS Respondent Account","delivered":false}
{"time":"2026-09-20 18:47:57","to":"flowresp@sicms.local","subject":"Activate Your SICMS Respondent Account","delivered":false}
{"time":"2026-09-20 18:48:37","to":"flowresp@sicms.local","subject":"Activate Your SICMS Respondent Account","delivered":false}
{"time":"2026-09-20 18:50:44","to":"flowresp@sicms.local","subject":"Activate Your SICMS Respondent Account","delivered":false}
{"time":"2026-09-20 18:51:21","to":"flowresp@sicms.local","subject":"Activate Your SICMS Respondent Account","delivered":false}
{"time":"2026-09-20 18:52:07","to":"flowresp@sicms.local","subject":"Activate Your SICMS Respondent Account","delivered":false}
{"time":"2026-09-20 18:52:13","to":"flowresp@sicms.local","subject":"Your SICMS Respondent Account Activation Link","delivered":false}
{"time":"2026-09-20 19:00:29","to":"kassandrasophiafernandez@clsu2.edu.ph","subject":"Activate Your SICMS Respondent Account","delivered":false}
{"time":"2026-09-20 19:08:06","to":"flowresp@sicms.local","subject":"Counter-Statement Returned for Revision","delivered":false}
{"time":"2026-09-20 19:13:15","to":"flowresp@sicms.local","subject":"Counter-Statement Returned for Revision","delivered":false}
{"time":"2026-09-20 19:26:56","to":"flowresp@sicms.local","subject":"Counter-Statement Returned for Revision","delivered":false}
{"time":"2026-09-20 19:27:18","to":"flowresp@sicms.local","subject":"Counter-Statement Returned for Revision","delivered":false}
