{"time":"2026-09-23 01:54:14","to":"ricardo.santos@sicms.local","subject":"Counter-Statement Submitted","delivered":true}
{"time":"2026-09-23 01:54:18","to":"maria.cruz@sicms.local","subject":"Counter-Statement Submitted","delivered":true}
{"time":"2026-09-23 01:54:22","to":"juan.delapena@sicms.local","subject":"Counter-Statement Submitted","delivered":true}
{"time":"2026-09-23 01:54:25","to":"ana.bautista@sicms.local","subject":"Counter-Statement Submitted","delivered":true}
{"time":"2026-09-23 01:54:29","to":"pedro.reyes@sicms.local","subject":"Counter-Statement Submitted","delivered":true}
{"time":"2026-09-23 01:54:34","to":"carmen.garcia@sicms.local","subject":"Counter-Statement Submitted","delivered":true}
{"time":"2026-09-23 01:54:38","to":"pedro1.reyes@sicms.local","subject":"Counter-Statement Submitted","delivered":true}
{"time":"2026-09-23 01:54:42","to":"reform@sicms.local","subject":"Counter-Statement Submitted","delivered":true}
{"time":"2026-09-23 01:54:46","to":"kwinjherane.ocareza@clsu2.edu.ph","subject":"Counter-Statement Revision Requested","delivered":true}
{"time":"2026-09-23 01:54:50","to":"kwinjherane.ocareza@clsu2.edu.ph","subject":"Counter-Statement Returned for Revision","delivered":true}
{"time":"2026-09-23 02:00:16","to":"maria.cruz@sicms.local","subject":"Counter-Statement Submitted","delivered":true}
{"time":"2026-09-23 02:02:29","to":"kwinjherane.ocareza@clsu2.edu.ph","subject":"Counter-Statement Revision Requested","delivered":true}
{"time":"2026-09-23 02:02:33","to":"kwinjherane.ocareza@clsu2.edu.ph","subject":"Counter-Statement Returned for Revision","delivered":true}
{"time":"2026-09-23 02:03:12","to":"maria.cruz@sicms.local","subject":"Counter-Statement Submitted","delivered":true}
{"time":"2026-09-23 02:03:16","to":"ricardo.santos@sicms.local","subject":"Counter-Statement Submitted","delivered":true}
{"time":"2026-09-23 02:07:14","to":"kwinjherane.ocareza@clsu2.edu.ph","subject":"Counter-Statement Revision Requested","delivered":true}
{"time":"2026-09-23 02:07:19","to":"kwinjherane.ocareza@clsu2.edu.ph","subject":"Counter-Statement Returned for Revision","delivered":true}
{"time":"2026-09-23 02:07:36","to":"maria.cruz@sicms.local","subject":"Counter-Statement Submitted","delivered":true}
{"time":"2026-09-23 02:07:40","to":"ricardo.santos@sicms.local","subject":"Counter-Statement Submitted","delivered":true}
{"time":"2026-09-23 02:29:29","to":"kwinjherane.ocareza@clsu2.edu.ph","subject":"Counter-Statement Revision Requested","delivered":true}
{"time":"2026-09-23 02:29:33","to":"kwinjherane.ocareza@clsu2.edu.ph","subject":"Counter-Statement Returned for Revision","delivered":true}
{"time":"2026-09-23 02:30:21","to":"maria.cruz@sicms.local","subject":"Counter-Statement Submitted","delivered":true}
{"time":"2026-09-23 02:30:25","to":"ricardo.santos@sicms.local","subject":"Counter-Statement Submitted","delivered":true}
{"time":"2026-09-23 07:27:58","to":"ana.reyes@clsu2.edu.ph","subject":"Hearing Scheduled","delivered":true}
{"time":"2026-09-23 08:57:50","to":"ana.bautista@sicms.local","subject":"Case Assigned","delivered":true}
{"time":"2026-09-23 08:59:07","to":"ricardo.santos@sicms.local","subject":"Case Action Approval Needed","delivered":true}
{"time":"2026-09-23 09:00:48","to":"ricardo.santos@sicms.local","subject":"Case Action Approval Needed","delivered":true}
{"time":"2026-09-23 09:01:16","to":"ana.bautista@sicms.local","subject":"Case Assigned","delivered":true}
{"time":"2026-09-23 11:03:34","to":"ricardo.santos@sicms.local","subject":"Case Action Approval Needed","delivered":true}
